// Jest Snapshot v1, https://goo.gl/fbAQLP

exports[`ForecastSummaries renders correctly 1`] = `
<DocumentFragment>
  <div
    class="forecast-summaries"
  >
    <div
      class="forecast-summary"
      data-testid="forecast-summary"
    >
      <div
        class="forecast-summary__date"
      >
        Mon 30th Apr
      </div>
      <div
        class="forecast-summary__icon"
        data-testid="forecast-icon"
      >
        <i
          class="wi wi-day-thunderstorm"
          name="owm"
        />
      </div>
      <div
        class="forecast-summary__temperature"
      >
        22°C
      </div>
      <div
        class="forecast-summary__description"
      >
        Stub decription 1
      </div>
      <br />
      <button
        class="forecast-summary__button"
        id="test"
        type="button"
      >
        DETAILS
      </button>
    </div>
    <div
      class="forecast-summary"
      data-testid="forecast-summary"
    >
      <div
        class="forecast-summary__date"
      >
        Tue 1st May
      </div>
      <div
        class="forecast-summary__icon"
        data-testid="forecast-icon"
      >
        <i
          class="wi wi-day-sunny"
          name="owm"
        />
      </div>
      <div
        class="forecast-summary__temperature"
      >
        24°C
      </div>
      <div
        class="forecast-summary__description"
      >
        Stub decription 2
      </div>
      <br />
      <button
        class="forecast-summary__button"
        id="test"
        type="button"
      >
        DETAILS
      </button>
    </div>
  </div>
</DocumentFragment>
`;
