// Jest Snapshot v1, https://goo.gl/fbAQLP

exports[`SearchForm renders correctly 1`] = `
<DocumentFragment>
  <form
    class="search-form"
  >
    <input
      class="search-form__input"
      id="search-form__input"
      type="text"
    />
    <br />
    <button
      class="search-form__button"
      type="submit"
    >
      Search
    </button>
  </form>
</DocumentFragment>
`;
