// Jest Snapshot v1, https://goo.gl/fbAQLP

exports[`WindDetails renders correctly 1`] = `
<DocumentFragment>
  <div
    class="wind-details"
  >
    5ms
    <img
      alt="img"
      class="wind-details__img"
      data-testid="wind-details-image"
      src="arrow.svg"
      style="transform: rotate(45deg);"
    />
  </div>
</DocumentFragment>
`;
